src/features/battle-simulation/__tests__/battle-log-pipeline.test.ts(8,32): error TS6133: 'vi' is declared but its value is never read.
src/features/battle-simulation/components/UnifiedBattleLog/UnifiedBattleLog.test.tsx(30,9): error TS2322: Type 'string' is not assignable to type 'NonEmptyString<string>'.
  Type 'string' is not assignable to type '{ readonly __brand: "NonEmptyString"; }'.
src/features/battle-simulation/components/UnifiedBattleLog/UnifiedBattleLog.test.tsx(31,9): error TS2322: Type 'string' is not assignable to type 'NonEmptyString<string> | NonEmptyString<string>[]'.
src/features/battle-simulation/components/UnifiedBattleLog/UnifiedBattleLog.test.tsx(41,9): error TS2322: Type 'string' is not assignable to type 'NonEmptyString<string>'.
  Type 'string' is not assignable to type '{ readonly __brand: "NonEmptyString"; }'.
src/features/battle-simulation/components/UnifiedBattleLog/UnifiedBattleLog.test.tsx(42,9): error TS2322: Type 'string' is not assignable to type 'NonEmptyString<string> | NonEmptyString<string>[]'.
src/features/battle-simulation/components/UnifiedBattleLog/UnifiedBattleLog.test.tsx(52,9): error TS2322: Type 'string' is not assignable to type 'NonEmptyString<string>'.
  Type 'string' is not assignable to type '{ readonly __brand: "NonEmptyString"; }'.
src/features/battle-simulation/components/UnifiedBattleLog/UnifiedBattleLog.test.tsx(53,9): error TS2322: Type 'string' is not assignable to type 'NonEmptyString<string> | NonEmptyString<string>[]'.
src/features/battle-simulation/components/UnifiedBattleLog/UnifiedBattleLog.test.tsx(79,9): error TS2322: Type 'string' is not assignable to type 'NonEmptyString<string>'.
  Type 'string' is not assignable to type '{ readonly __brand: "NonEmptyString"; }'.
src/features/battle-simulation/components/UnifiedBattleLog/UnifiedBattleLog.test.tsx(80,9): error TS2322: Type 'string' is not assignable to type 'NonEmptyString<string> | NonEmptyString<string>[]'.
src/features/battle-simulation/components/UnifiedBattleLog/UnifiedBattleLog.test.tsx(89,9): error TS2322: Type 'string' is not assignable to type 'NonEmptyString<string>'.
  Type 'string' is not assignable to type '{ readonly __brand: "NonEmptyString"; }'.
src/features/battle-simulation/components/UnifiedBattleLog/UnifiedBattleLog.test.tsx(90,9): error TS2322: Type 'string' is not assignable to type 'NonEmptyString<string> | NonEmptyString<string>[]'.
src/features/battle-simulation/components/UnifiedBattleLog/UnifiedBattleLog.test.tsx(99,9): error TS2322: Type 'string' is not assignable to type 'NonEmptyString<string>'.
  Type 'string' is not assignable to type '{ readonly __brand: "NonEmptyString"; }'.
src/features/battle-simulation/components/UnifiedBattleLog/UnifiedBattleLog.test.tsx(100,9): error TS2322: Type 'string' is not assignable to type 'NonEmptyString<string> | NonEmptyString<string>[]'.
src/features/battle-simulation/components/UnifiedBattleLog/UnifiedBattleLog.test.tsx(148,9): error TS2322: Type 'string' is not assignable to type 'NonEmptyString<string>'.
  Type 'string' is not assignable to type '{ readonly __brand: "NonEmptyString"; }'.
src/features/battle-simulation/components/UnifiedBattleLog/UnifiedBattleLog.test.tsx(149,9): error TS2322: Type 'string' is not assignable to type 'NonEmptyString<string> | NonEmptyString<string>[]'.
src/features/battle-simulation/components/UnifiedBattleLog/UnifiedBattleLog.test.tsx(160,9): error TS2322: Type 'string' is not assignable to type 'NonEmptyString<string>'.
  Type 'string' is not assignable to type '{ readonly __brand: "NonEmptyString"; }'.
src/features/battle-simulation/components/UnifiedBattleLog/UnifiedBattleLog.test.tsx(161,9): error TS2322: Type 'string' is not assignable to type 'NonEmptyString<string> | NonEmptyString<string>[]'.
src/features/battle-simulation/components/UnifiedBattleLog/UnifiedBattleLog.test.tsx(170,9): error TS2322: Type 'string' is not assignable to type 'NonEmptyString<string>'.
  Type 'string' is not assignable to type '{ readonly __brand: "NonEmptyString"; }'.
src/features/battle-simulation/components/UnifiedBattleLog/UnifiedBattleLog.test.tsx(171,9): error TS2322: Type 'string' is not assignable to type 'NonEmptyString<string> | NonEmptyString<string>[]'.
src/features/battle-simulation/components/UnifiedBattleLog/UnifiedBattleLog.test.tsx(180,9): error TS2322: Type 'string' is not assignable to type 'NonEmptyString<string>'.
  Type 'string' is not assignable to type '{ readonly __brand: "NonEmptyString"; }'.
src/features/battle-simulation/components/UnifiedBattleLog/UnifiedBattleLog.test.tsx(181,9): error TS2322: Type 'string' is not assignable to type 'NonEmptyString<string> | NonEmptyString<string>[]'.
src/features/battle-simulation/services/battle/__tests__/basicStrike.integration.test.ts(10,5): error TS2740: Type 'Promise<BattleState>' is missing the following properties from type 'BattleState': participants, turn, activeParticipantIndex, log, and 13 more.
src/features/battle-simulation/services/battle/__tests__/basicStrike.integration.test.ts(12,7): error TS2353: Object literal may only specify known properties, and 'forcedMove' does not exist in type 'BattleState'.
src/features/battle-simulation/services/battle/__tests__/helpers/mockState.ts(11,5): error TS2739: Type '{ name: string; }' is missing the following properties from type 'Location': id, image
src/features/battle-simulation/services/battle/__tests__/tacticalMove.service.test.ts(15,7): error TS2345: Argument of type 'Move | undefined' is not assignable to parameter of type 'Move'.
  Type 'undefined' is not assignable to type 'Move'.
src/features/battle-simulation/services/battle/arc.service.ts(64,5): error TS2322: Type 'string' is not assignable to type 'NonEmptyString<string>'.
  Type 'string' is not assignable to type '{ readonly __brand: "NonEmptyString"; }'.
src/features/battle-simulation/services/battle/arc.service.ts(66,5): error TS2322: Type 'string' is not assignable to type 'NonEmptyString<string> | NonEmptyString<string>[]'.
src/features/battle-simulation/services/battle/battleValidation.ts(262,119): error TS2345: Argument of type 'string' is not assignable to parameter of type 'NonEmptyString<string>'.
  Type 'string' is not assignable to type '{ readonly __brand: "NonEmptyString"; }'.
src/features/battle-simulation/services/battle/battleValidation.ts(270,119): error TS2345: Argument of type 'string' is not assignable to parameter of type 'NonEmptyString<string>'.
  Type 'string' is not assignable to type '{ readonly __brand: "NonEmptyString"; }'.
src/features/battle-simulation/services/battle/battleValidation.ts(283,95): error TS2345: Argument of type 'string' is not assignable to parameter of type 'NonEmptyString<string>'.
  Type 'string' is not assignable to type '{ readonly __brand: "NonEmptyString"; }'.
src/features/battle-simulation/services/battle/battleValidation.ts(294,95): error TS2345: Argument of type 'string' is not assignable to parameter of type 'NonEmptyString<string>'.
  Type 'string' is not assignable to type '{ readonly __brand: "NonEmptyString"; }'.
src/features/battle-simulation/services/battle/battleValidation.ts(305,95): error TS2345: Argument of type 'string' is not assignable to parameter of type 'NonEmptyString<string>'.
  Type 'string' is not assignable to type '{ readonly __brand: "NonEmptyString"; }'.
src/features/battle-simulation/services/battle/criticalSystem.service.ts(266,5): error TS2322: Type 'string' is not assignable to type 'NonEmptyString<string>'.
  Type 'string' is not assignable to type '{ readonly __brand: "NonEmptyString"; }'.
src/features/battle-simulation/services/battle/criticalSystem.service.ts(268,5): error TS2322: Type 'string' is not assignable to type 'NonEmptyString<string> | NonEmptyString<string>[]'.
src/features/battle-simulation/services/battle/desperationSystem.service.ts(150,5): error TS2353: Object literal may only specify known properties, and 'text' does not exist in type '{ turn: number; actor?: "System" | "Narrator" | undefined; narrative: string; target?: string | undefined; }'.
src/features/battle-simulation/services/battle/desperationSystem.service.ts(159,5): error TS2322: Type 'string' is not assignable to type 'NonEmptyString<string>'.
  Type 'string' is not assignable to type '{ readonly __brand: "NonEmptyString"; }'.
src/features/battle-simulation/services/battle/desperationSystem.service.ts(161,5): error TS2322: Type 'string' is not assignable to type 'NonEmptyString<string> | NonEmptyString<string>[]'.
src/features/battle-simulation/services/battle/escalationApplication.service.ts(17,3): error TS6133: 'reason' is declared but its value is never read.
src/features/battle-simulation/services/battle/escalationApplication.service.ts(26,5): error TS2322: Type 'string' is not assignable to type 'NonEmptyString<string>'.
  Type 'string' is not assignable to type '{ readonly __brand: "NonEmptyString"; }'.
src/features/battle-simulation/services/battle/escalationApplication.service.ts(30,5): error TS2322: Type 'string' is not assignable to type 'NonEmptyString<string> | NonEmptyString<string>[]'.
src/features/battle-simulation/services/battle/finisherSystem.service.ts(157,5): error TS2322: Type 'string' is not assignable to type 'NonEmptyString<string>'.
  Type 'string' is not assignable to type '{ readonly __brand: "NonEmptyString"; }'.
src/features/battle-simulation/services/battle/finisherSystem.service.ts(159,5): error TS2322: Type 'string' is not assignable to type 'NonEmptyString<string> | NonEmptyString<string>[]'.
src/features/battle-simulation/services/battle/genericMove.service.ts(102,7): error TS2322: Type 'string' is not assignable to type 'NonEmptyString<string>'.
  Type 'string' is not assignable to type '{ readonly __brand: "NonEmptyString"; }'.
src/features/battle-simulation/services/battle/genericMove.service.ts(104,7): error TS2322: Type 'string' is not assignable to type 'NonEmptyString<string> | NonEmptyString<string>[]'.
src/features/battle-simulation/services/battle/positioningMechanics.service.ts(305,5): error TS2322: Type 'string' is not assignable to type 'NonEmptyString<string>'.
  Type 'string' is not assignable to type '{ readonly __brand: "NonEmptyString"; }'.
src/features/battle-simulation/services/battle/positioningMechanics.service.ts(306,5): error TS2322: Type 'string' is not assignable to type 'NonEmptyString<string> | NonEmptyString<string>[]'.
src/features/battle-simulation/services/battle/resolutionTriggers.ts(187,5): error TS2322: Type 'string' is not assignable to type 'NonEmptyString<string>'.
  Type 'string' is not assignable to type '{ readonly __brand: "NonEmptyString"; }'.
src/features/battle-simulation/services/battle/resolutionTriggers.ts(188,5): error TS2322: Type 'string' is not assignable to type 'NonEmptyString<string> | NonEmptyString<string>[]'.
src/features/battle-simulation/services/battle/state.ts(259,9): error TS2322: Type 'string' is not assignable to type 'NonEmptyString<string>'.
  Type 'string' is not assignable to type '{ readonly __brand: "NonEmptyString"; }'.
src/features/battle-simulation/services/battle/state.ts(260,9): error TS2322: Type 'string' is not assignable to type 'NonEmptyString<string> | NonEmptyString<string>[]'.
src/features/battle-simulation/services/battle/tacticalMove.service.ts(137,17): error TS2345: Argument of type 'NonEmptyString' is not assignable to parameter of type 'string & { readonly __brand: "NonEmptyString"; } & { length: 1; }'.
  Type 'NonEmptyString' is not assignable to type '{ length: 1; }'.
    Types of property 'length' are incompatible.
      Type 'number' is not assignable to type '1'.
src/features/battle-simulation/services/battle/tacticalMove.service.ts(138,20): error TS2345: Argument of type 'NonEmptyString' is not assignable to parameter of type 'string & { readonly __brand: "NonEmptyString"; } & { length: 1; }'.
  Type 'NonEmptyString' is not assignable to type '{ length: 1; }'.
    Types of property 'length' are incompatible.
      Type 'number' is not assignable to type '1'.
src/features/battle-simulation/services/battle/tacticalMove.service.ts(151,20): error TS2345: Argument of type 'NonEmptyString' is not assignable to parameter of type 'string & { readonly __brand: "NonEmptyString"; } & { length: 1; }'.
  Type 'NonEmptyString' is not assignable to type '{ length: 1; }'.
    Types of property 'length' are incompatible.
      Type 'number' is not assignable to type '1'.
src/features/battle-simulation/services/battle/tacticalMove.service.ts(221,44): error TS2345: Argument of type 'string' is not assignable to parameter of type 'string & { length: 1; }'.
  Type 'string' is not assignable to type '{ length: 1; }'.
src/features/battle-simulation/services/battle/tacticalMove.service.ts(222,30): error TS2345: Argument of type 'string' is not assignable to parameter of type 'string & { length: 1; }'.
  Type 'string' is not assignable to type '{ length: 1; }'.
src/features/battle-simulation/services/battle/tacticalMove.service.ts(222,78): error TS2345: Argument of type 'string' is not assignable to parameter of type 'string & { length: 1; }'.
  Type 'string' is not assignable to type '{ length: 1; }'.
src/features/battle-simulation/services/battle/tacticalMove.service.ts(223,20): error TS2345: Argument of type 'NonEmptyString' is not assignable to parameter of type 'string & { readonly __brand: "NonEmptyString"; } & { length: 1; }'.
  Type 'NonEmptyString' is not assignable to type '{ length: 1; }'.
    Types of property 'length' are incompatible.
      Type 'number' is not assignable to type '1'.
src/features/battle-simulation/services/battle/tacticalMove.service.ts(237,20): error TS2345: Argument of type 'NonEmptyString' is not assignable to parameter of type 'string & { readonly __brand: "NonEmptyString"; } & { length: 1; }'.
  Type 'NonEmptyString' is not assignable to type '{ length: 1; }'.
    Types of property 'length' are incompatible.
      Type 'number' is not assignable to type '1'.
src/features/battle-simulation/services/battle/tacticalMove.service.ts(329,30): error TS2345: Argument of type 'string' is not assignable to parameter of type 'string & { length: 1; }'.
  Type 'string' is not assignable to type '{ length: 1; }'.
src/features/battle-simulation/services/battle/tacticalMove.service.ts(329,81): error TS2345: Argument of type 'string' is not assignable to parameter of type 'string & { length: 1; }'.
  Type 'string' is not assignable to type '{ length: 1; }'.
src/features/battle-simulation/services/battle/tacticalMove.service.ts(330,20): error TS2345: Argument of type 'NonEmptyString' is not assignable to parameter of type 'string & { readonly __brand: "NonEmptyString"; } & { length: 1; }'.
  Type 'NonEmptyString' is not assignable to type '{ length: 1; }'.
    Types of property 'length' are incompatible.
      Type 'number' is not assignable to type '1'.
src/features/battle-simulation/services/battle/tacticalMove.service.ts(343,20): error TS2345: Argument of type 'NonEmptyString' is not assignable to parameter of type 'string & { readonly __brand: "NonEmptyString"; } & { length: 1; }'.
  Type 'NonEmptyString' is not assignable to type '{ length: 1; }'.
    Types of property 'length' are incompatible.
      Type 'number' is not assignable to type '1'.
src/features/battle-simulation/services/battle/tacticalMove.service.ts(415,10): error TS6133: 'safeNes' is declared but its value is never read.
src/features/battle-simulation/services/battle/tacticalMove.service.ts(416,14): error TS1355: A 'const' assertions can only be applied to references to enum members, or string, number, boolean, array, or object literals.
src/features/battle-simulation/services/battle/tacticalMove.service.ts(416,14): error TS2345: Argument of type 'string' is not assignable to parameter of type 'string & { length: 1; }'.
  Type 'string' is not assignable to type '{ length: 1; }'.
src/features/battle-simulation/services/effects/effectFusion.service.ts(58,9): error TS2322: Type 'string' is not assignable to type 'NonEmptyString<string>'.
  Type 'string' is not assignable to type '{ readonly __brand: "NonEmptyString"; }'.
src/features/battle-simulation/services/effects/effectFusion.service.ts(59,9): error TS2322: Type 'string' is not assignable to type 'NonEmptyString<string> | NonEmptyString<string>[]'.
src/features/battle-simulation/services/effects/statusEffect.service.ts(50,5): error TS2322: Type 'string' is not assignable to type 'NonEmptyString<string>'.
  Type 'string' is not assignable to type '{ readonly __brand: "NonEmptyString"; }'.
src/features/battle-simulation/services/effects/statusEffect.service.ts(51,5): error TS2322: Type 'string' is not assignable to type 'NonEmptyString<string> | NonEmptyString<string>[]'.
src/features/battle-simulation/services/effects/statusEffect.service.ts(111,9): error TS2322: Type 'string' is not assignable to type 'NonEmptyString<string>'.
  Type 'string' is not assignable to type '{ readonly __brand: "NonEmptyString"; }'.
src/features/battle-simulation/services/effects/statusEffect.service.ts(112,9): error TS2322: Type 'string' is not assignable to type 'NonEmptyString<string> | NonEmptyString<string>[]'.
src/features/battle-simulation/services/effects/statusEffect.service.ts(133,11): error TS2322: Type 'string' is not assignable to type 'NonEmptyString<string>'.
  Type 'string' is not assignable to type '{ readonly __brand: "NonEmptyString"; }'.
src/features/battle-simulation/services/effects/statusEffect.service.ts(134,11): error TS2322: Type 'string' is not assignable to type 'NonEmptyString<string> | NonEmptyString<string>[]'.
src/features/battle-simulation/services/effects/statusEffect.service.ts(156,11): error TS2322: Type 'string' is not assignable to type 'NonEmptyString<string>'.
  Type 'string' is not assignable to type '{ readonly __brand: "NonEmptyString"; }'.
src/features/battle-simulation/services/effects/statusEffect.service.ts(157,11): error TS2322: Type 'string' is not assignable to type 'NonEmptyString<string> | NonEmptyString<string>[]'.
src/features/battle-simulation/services/effects/statusEffect.service.ts(178,11): error TS2322: Type 'string' is not assignable to type 'NonEmptyString<string>'.
  Type 'string' is not assignable to type '{ readonly __brand: "NonEmptyString"; }'.
src/features/battle-simulation/services/effects/statusEffect.service.ts(179,11): error TS2322: Type 'string' is not assignable to type 'NonEmptyString<string> | NonEmptyString<string>[]'.
src/features/battle-simulation/services/effects/statusEffect.service.ts(198,11): error TS2322: Type 'string' is not assignable to type 'NonEmptyString<string>'.
  Type 'string' is not assignable to type '{ readonly __brand: "NonEmptyString"; }'.
src/features/battle-simulation/services/effects/statusEffect.service.ts(199,11): error TS2322: Type 'string' is not assignable to type 'NonEmptyString<string> | NonEmptyString<string>[]'.
src/features/battle-simulation/services/effects/statusEffect.service.ts(218,11): error TS2322: Type 'string' is not assignable to type 'NonEmptyString<string>'.
  Type 'string' is not assignable to type '{ readonly __brand: "NonEmptyString"; }'.
src/features/battle-simulation/services/effects/statusEffect.service.ts(219,11): error TS2322: Type 'string' is not assignable to type 'NonEmptyString<string> | NonEmptyString<string>[]'.
src/features/battle-simulation/services/effects/statusEffect.service.ts(248,9): error TS2322: Type 'string' is not assignable to type 'NonEmptyString<string>'.
  Type 'string' is not assignable to type '{ readonly __brand: "NonEmptyString"; }'.
src/features/battle-simulation/services/effects/statusEffect.service.ts(249,9): error TS2322: Type 'string' is not assignable to type 'NonEmptyString<string> | NonEmptyString<string>[]'.
src/features/battle-simulation/services/narrative/openingSequence.ts(70,3): error TS6133: 'location' is declared but its value is never read.
src/features/battle-simulation/services/narrative/openingSequence.ts(151,10): error TS6133: 'getNarratorOpening' is declared but its value is never read.
src/features/battle-simulation/services/narrative/openingSequence.ts(173,10): error TS6133: 'getCharacterDescription' is declared but its value is never read.
src/features/battle-simulation/services/narrative/openingSequence.ts(192,10): error TS6133: 'getTensionBuilding' is declared but its value is never read.
src/features/battle-simulation/services/narrative/utils/fallbackGenerator.utility.ts(8,1): error TS6133: 'ensureNonEmpty' is declared but its value is never read.
src/features/battle-simulation/services/narrative/utils/fallbackGenerator.utility.ts(8,32): error TS2307: Cannot find module '../utils/strings' or its corresponding type declarations.
src/features/battle-simulation/services/utils/mechanicLogUtils.test.ts(4,32): error TS6133: 'vi' is declared but its value is never read.
src/features/battle-simulation/services/utils/mechanicLogUtils.ts(11,78): error TS6196: 'NonEmptyString' is declared but never used.
src/features/battle-simulation/services/utils/mechanicLogUtils.ts(59,23): error TS2322: Type '{ id: string; turn: number; actor: "System"; type: "mechanics"; action: string; result: string; target: string | undefined; narrative: string; timestamp: number; details: { mechanic: string; reason: string | undefined; ... 14 more ...; winner?: string; }; }' is not assignable to type 'NonDialogueLogEntry'.
  Types of property 'result' are incompatible.
    Type 'string' is not assignable to type 'NonEmptyString<string>'.
      Type 'string' is not assignable to type '{ readonly __brand: "NonEmptyString"; }'.
src/features/battle-simulation/services/utils/mechanicLogUtils.ts(88,10): error TS6133: 'getLegendaryFallbackNarrative' is declared but its value is never read.
src/features/battle-simulation/services/utils/strings.test.ts(4,32): error TS6133: 'vi' is declared but its value is never read.
